Found 2 candidates:
  func main()
  var c chan int
